cargo :     Finished 
`test` profile 
[unoptimized + 
debuginfo] target(s) 
in 0.25s
En línea: 1 Carácter: 
1
+ cargo test -p 
visual_novel_engine > 
test_output.txt 2>&1
+ ~~~~~~~~~~~~~~~~~~~~
~~~~~~~~~~~~~~~~~~~~~~
~~~~~~~~~~~~~~
    + CategoryInfo    
          : NotSpeci  
  fied: (    Finish   
 ed `t...get(s) in    
 0.25s:String) []    
, RemoteException
    + FullyQualifiedE 
   rrorId : NativeCo  
  mmandError
 
     Running 
unittests src\lib.rs (
target\debug\deps\visu
al_novel_engine-896f91
24206397bd.exe)

running 3 tests
test resource::tests::test_lru_eviction ... ok
test script::tests::test_huge_script_rejection ... ok
test engine::tests::test_audio_determinism ... FAILED

failures:

---- engine::tests::test_audio_determinism stdout ----

thread 'engine::tests::test_audio_determinism' panicked at crates\core\src\engine.rs:434:49:
called `Result::unwrap()` on an `Err` value: Serialization { message: "missing field `characters` at line 8 column 16", src: ",\n            \"events\": [\n                {\n                    \"type\": \"scene\",\n                    \"music\": \"bgm_intro.ogg\"\n                },\n                {\n                    \"type\": \"dialogue\",\n                    \"speaker\": \"Me\",\n                    \"text\": \"...\"\n                },\n                {\n          ", span: SourceSpan { offset: SourceOffset(160), length: 1 } }
note: run with `RUST_BACKTRACE=1` environment variable to display a backtrace


failures:
    engine::tests::test_audio_determinism

test result: FAILED. 2 passed; 1 failed; 0 ignored; 0 measured; 0 filtered out; finished in 0.00s

error: test failed, 
to rerun pass `-p 
visual_novel_engine 
--lib`
